2026-05-14 09:05:30.251586: I tensorflow/core/util/port.cc:153] oneDNN custom operations are on. You may see slightly different numerical results due to floating-point round-off errors from different computation orders. To turn them off, set the environment variable `TF_ENABLE_ONEDNN_OPTS=0`.
C:\Users\nonna\miniconda3\Lib\site-packages\h5py\__init__.py:36: UserWarning: h5py is running against HDF5 1.14.6 when it was built against 1.14.5, this may cause problems
  _warn(("h5py is running against HDF5 {0} when it was built against {1}, "
2026-05-14 09:05:36.309484: I tensorflow/core/util/port.cc:153] oneDNN custom operations are on. You may see slightly different numerical results due to floating-point round-off errors from different computation orders. To turn them off, set the environment variable `TF_ENABLE_ONEDNN_OPTS=0`.
======================================================================
AUDIT: PyroCast v2
======================================================================

[1/9] Loading validation set...
2026-05-14 09:05:38.635775: I tensorflow/core/platform/cpu_feature_guard.cc:210] This TensorFlow binary is optimized to use available CPU instructions in performance-critical operations.
To enable the following instructions: SSE3 SSE4.1 SSE4.2 AVX AVX2 AVX512F AVX512_VNNI AVX512_BF16 FMA, in other operations, rebuild TensorFlow with the appropriate compiler flags.
2026-05-14 09:05:38.668747: I tensorflow/core/kernels/data/tf_record_dataset_op.cc:390] TFRecordDataset `buffer_size` is unspecified, default to 262144
    loaded 100
    loaded 200
    loaded 300
    loaded 400
    loaded 500
    loaded 600
    loaded 700
    loaded 800
    loaded 900
2026-05-14 09:05:51.188177: I tensorflow/core/framework/local_rendezvous.cc:407] Local rendezvous is aborting with status: OUT_OF_RANGE: End of sequence
  Val shape: (990, 256, 256, 19)
  Label distribution: fire=594, no-fire=396
  Class balance: fire=0.600

[2/9] Per-channel mean by class:
            Band   pos_mean   neg_mean     diff  pos_std  neg_std
            Blue     0.0285     0.0474  -0.0189   0.0298   0.0759
           Green     0.0449     0.0650  -0.0201   0.0301   0.0743
             Red     0.0383     0.0594  -0.0211   0.0323   0.0754
             NIR     0.2125     0.2298  -0.0173   0.0659   0.1178
           SWIR1     0.1400     0.1815  -0.0415   0.0583   0.1117
           SWIR2     0.0755     0.1096  -0.0341   0.0435   0.0895
            NDVI     0.6727     0.5550  +0.1177   0.2114   0.2879
            NDMI     0.2085     0.1182  +0.0903   0.1576   0.1806
        Temp_Max     0.8601     0.9353  -0.0751   0.1119   0.0899
    Humidity_Min     0.4475     0.4779  -0.0304   0.1231   0.1048
      Wind_Speed     0.1912     0.1780  +0.0133   0.0780   0.0723
          Precip     0.0675     0.0688  -0.0013   0.1781   0.1582
             ERC     0.1801     0.1623  +0.0178   0.0558   0.0668
           FM100     0.4212     0.4323  -0.0111   0.0576   0.0547
       Elevation     0.0078     0.0078  +0.0000   0.0044   0.0051
       LC_Forest     0.3716     0.2520  +0.1196   0.4832   0.4341
      LC_Wetland     0.4510     0.3323  +0.1187   0.4976   0.4711
         LC_Open     0.1141     0.2810  -0.1669   0.3179   0.4495
     Pop_Density     0.0000     0.0000  +0.0000   0.0000   0.0000

[3/9] Loading v2 model + running predictions...
  Model input: (None, 256, 256, 19)

[1m 1/62[0m [37m====================[0m [1m29s[0m 486ms/step
[1m 2/62[0m [37m====================[0m [1m10s[0m 173ms/step
[1m 3/62[0m [37m====================[0m [1m9s[0m 168ms/step 
[1m 4/62[0m [32m=[0m[37m===================[0m [1m9s[0m 165ms/step
[1m 5/62[0m [32m=[0m[37m===================[0m [1m9s[0m 164ms/step
[1m 6/62[0m [32m=[0m[37m===================[0m [1m9s[0m 164ms/step
[1m 7/62[0m [32m==[0m[37m==================[0m [1m9s[0m 164ms/step
[1m 8/62[0m [32m==[0m[37m==================[0m [1m8s[0m 164ms/step
[1m 9/62[0m [32m==[0m[37m==================[0m [1m8s[0m 164ms/step
[1m10/62[0m [32m===[0m[37m=================[0m [1m8s[0m 163ms/step
[1m11/62[0m [32m===[0m[37m=================[0m [1m8s[0m 163ms/step
[1m12/62[0m [32m===[0m[37m=================[0m [1m8s[0m 163ms/step
[1m13/62[0m [32m====[0m[37m================[0m [1m7s[0m 163ms/step
[1m14/62[0m [32m====[0m[37m================[0m [1m7s[0m 163ms/step
[1m15/62[0m [32m====[0m[37m================[0m [1m7s[0m 164ms/step
[1m16/62[0m [32m=====[0m[37m===============[0m [1m7s[0m 163ms/step
[1m17/62[0m [32m=====[0m[37m===============[0m [1m7s[0m 163ms/step
[1m18/62[0m [32m=====[0m[37m===============[0m [1m7s[0m 163ms/step
[1m19/62[0m [32m======[0m[37m==============[0m [1m7s[0m 164ms/step
[1m20/62[0m [32m======[0m[37m==============[0m [1m6s[0m 164ms/step
[1m21/62[0m [32m======[0m[37m==============[0m [1m6s[0m 164ms/step
[1m22/62[0m [32m=======[0m[37m=============[0m [1m6s[0m 164ms/step
[1m23/62[0m [32m=======[0m[37m=============[0m [1m6s[0m 164ms/step
[1m24/62[0m [32m=======[0m[37m=============[0m [1m6s[0m 165ms/step
[1m25/62[0m [32m========[0m[37m============[0m [1m6s[0m 164ms/step
[1m26/62[0m [32m========[0m[37m============[0m [1m5s[0m 164ms/step
[1m27/62[0m [32m========[0m[37m============[0m [1m5s[0m 165ms/step
[1m28/62[0m [32m=========[0m[37m===========[0m [1m5s[0m 165ms/step
[1m29/62[0m [32m=========[0m[37m===========[0m [1m5s[0m 165ms/step
[1m30/62[0m [32m=========[0m[37m===========[0m [1m5s[0m 165ms/step
[1m31/62[0m [32m==========[0m[37m==========[0m [1m5s[0m 165ms/step
[1m32/62[0m [32m==========[0m[37m==========[0m [1m4s[0m 165ms/step
[1m33/62[0m [32m==========[0m[37m==========[0m [1m4s[0m 165ms/step
[1m34/62[0m [32m==========[0m[37m==========[0m [1m4s[0m 165ms/step
[1m35/62[0m [32m===========[0m[37m=========[0m [1m4s[0m 165ms/step
[1m36/62[0m [32m===========[0m[37m=========[0m [1m4s[0m 165ms/step
[1m37/62[0m [32m===========[0m[37m=========[0m [1m4s[0m 165ms/step
[1m38/62[0m [32m============[0m[37m========[0m [1m3s[0m 165ms/step
[1m39/62[0m [32m============[0m[37m========[0m [1m3s[0m 165ms/step
[1m40/62[0m [32m============[0m[37m========[0m [1m3s[0m 165ms/step
[1m41/62[0m [32m=============[0m[37m=======[0m [1m3s[0m 164ms/step
[1m42/62[0m [32m=============[0m[37m=======[0m [1m3s[0m 165ms/step
[1m43/62[0m [32m=============[0m[37m=======[0m [1m3s[0m 165ms/step
[1m44/62[0m [32m==============[0m[37m======[0m [1m2s[0m 165ms/step
[1m45/62[0m [32m==============[0m[37m======[0m [1m2s[0m 165ms/step
[1m46/62[0m [32m==============[0m[37m======[0m [1m2s[0m 165ms/step
[1m47/62[0m [32m===============[0m[37m=====[0m [1m2s[0m 165ms/step
[1m48/62[0m [32m===============[0m[37m=====[0m [1m2s[0m 165ms/step
[1m49/62[0m [32m===============[0m[37m=====[0m [1m2s[0m 165ms/step
[1m50/62[0m [32m================[0m[37m====[0m [1m1s[0m 165ms/step
[1m51/62[0m [32m================[0m[37m====[0m [1m1s[0m 165ms/step
[1m52/62[0m [32m================[0m[37m====[0m [1m1s[0m 165ms/step
[1m53/62[0m [32m=================[0m[37m===[0m [1m1s[0m 165ms/step
[1m54/62[0m [32m=================[0m[37m===[0m [1m1s[0m 166ms/step
[1m55/62[0m [32m=================[0m[37m===[0m [1m1s[0m 166ms/step
[1m56/62[0m [32m==================[0m[37m==[0m [1m0s[0m 165ms/step
[1m57/62[0m [32m==================[0m[37m==[0m [1m0s[0m 165ms/step
[1m58/62[0m [32m==================[0m[37m==[0m [1m0s[0m 165ms/step
[1m59/62[0m [32m===================[0m[37m=[0m [1m0s[0m 165ms/step
[1m60/62[0m [32m===================[0m[37m=[0m [1m0s[0m 165ms/step
[1m61/62[0m [32m===================[0m[37m=[0m [1m0s[0m 165ms/step
[1m62/62[0m [32m====================[0m[37m[0m [1m0s[0m 169ms/step
[1m62/62[0m [32m====================[0m[37m[0m [1m11s[0m 169ms/step
  Predictions: min=0.0022, max=0.9774, mean=0.4821
  Pos predictions mean: 0.7197
  Neg predictions mean: 0.1258

[4/9] Prediction-probability histogram (val):
         bin   total   fire  nofire
  [0.0-0.1]    297     14     283
  [0.1-0.2]     67     22      45
  [0.2-0.3]     56     33      23
  [0.3-0.4]     38     29       9
  [0.4-0.5]     52     44       8
  [0.5-0.6]     32     27       5
  [0.6-0.7]     43     38       5
  [0.7-0.8]     63     57       6
  [0.8-0.9]    116    111       5
  [0.9-1.0]    226    219       7

[5/9] Precision/recall at multiple thresholds:
  t=0.1: TP= 580 FP= 113 FN=  14 TN= 283 | P=0.837 R=0.976
  t=0.2: TP= 558 FP=  68 FN=  36 TN= 328 | P=0.891 R=0.939
  t=0.3: TP= 525 FP=  45 FN=  69 TN= 351 | P=0.921 R=0.884
  t=0.4: TP= 496 FP=  36 FN=  98 TN= 360 | P=0.932 R=0.835
  t=0.5: TP= 452 FP=  28 FN= 142 TN= 368 | P=0.942 R=0.761
  t=0.6: TP= 425 FP=  23 FN= 169 TN= 373 | P=0.949 R=0.715
  t=0.7: TP= 387 FP=  18 FN= 207 TN= 378 | P=0.956 R=0.652
  t=0.8: TP= 330 FP=  12 FN= 264 TN= 384 | P=0.965 R=0.556
  t=0.9: TP= 219 FP=   7 FN= 375 TN= 389 | P=0.969 R=0.369
  AUC: 0.9474

[6/9] Ablation: feature-group importance
  Strategy: replace channel groups with 0.5 (neutral) and re-score AUC.
  AUC, weather wiped:       0.8935  (full: 0.9474, delta -0.0539)
  AUC, S2 imagery wiped:    0.6434  (full: 0.9474, delta -0.3040)
2026-05-14 09:06:50.517167: W tensorflow/core/kernels/data/prefetch_autotuner.cc:55] Prefetch autotuner tried to allocate 79691776 bytes after encountering the first element of size 79691776 bytes.This already causes the autotune ram budget to be exceeded. To stay within the ram budget, either increase the ram budget or reduce element size
  AUC, terrain/LC wiped:    0.6642  (full: 0.9474, delta -0.2831)
  AUC, ONLY weather:        0.6165  (full: 0.9474, delta -0.3309)
  AUC, ONLY S2 imagery:     0.8155  (full: 0.9474, delta -0.1319)
  AUC, ONLY terrain/LC:     0.6808  (full: 0.9474, delta -0.2666)

[7/9] Zero-fingerprint cluster:
  Val samples with FP (0,0,0): 0 of 990 (0.0%)
  Top 5 most-common val fingerprints:
    (0.014, 0.0, 0.606)  count=29  fire=29 nofire=0  pred_mean=0.946
    (0.0, 0.0, 0.003)  count=20  fire=20 nofire=0  pred_mean=0.538
    (0.007, 0.0, 0.658)  count=17  fire=17 nofire=0  pred_mean=0.962
    (0.001, 0.0, 0.009)  count=15  fire=9 nofire=6  pred_mean=0.458
    (0.012, 0.0, 0.019)  count=11  fire=10 nofire=1  pred_mean=0.129

[8/9] Examining FPs and FNs at default threshold 0.5:
  FPs (predicted fire, actually no-fire): 28
              Band    FP_mean  AllNeg_mean     Diff
              Blue     0.0356       0.0474  -0.0118
             Green     0.0508       0.0650  -0.0143
               Red     0.0444       0.0594  -0.0150
               NIR     0.1897       0.2298  -0.0401
             SWIR1     0.1374       0.1815  -0.0441
             SWIR2     0.0773       0.1096  -0.0324
              NDVI     0.5427       0.5550  -0.0122
              NDMI     0.1417       0.1182  +0.0236
          Temp_Max     0.9249       0.9353  -0.0103
      Humidity_Min     0.4831       0.4779  +0.0052
        Wind_Speed     0.1980       0.1780  +0.0201
            Precip     0.0385       0.0688  -0.0303
               ERC     0.1730       0.1623  +0.0106
             FM100     0.4195       0.4323  -0.0128
         Elevation     0.0066       0.0078  -0.0011
         LC_Forest     0.3288       0.2520  +0.0769
        LC_Wetland     0.4952       0.3323  +0.1629
           LC_Open     0.1060       0.2810  -0.1750
       Pop_Density     0.0000       0.0000  +0.0000

  FNs (predicted no-fire, actually fire): 142
              Band    FN_mean  AllPos_mean     Diff
              Blue     0.0326       0.0285  +0.0041
             Green     0.0496       0.0449  +0.0047
               Red     0.0448       0.0383  +0.0065
               NIR     0.2138       0.2125  +0.0013
             SWIR1     0.1567       0.1400  +0.0167
             SWIR2     0.0869       0.0755  +0.0114
              NDVI     0.6174       0.6727  -0.0553
              NDMI     0.1564       0.2085  -0.0521
          Temp_Max     0.8800       0.8601  +0.0199
      Humidity_Min     0.4634       0.4475  +0.0160
        Wind_Speed     0.2000       0.1912  +0.0087
            Precip     0.1207       0.0675  +0.0531
               ERC     0.1670       0.1801  -0.0130
             FM100     0.4304       0.4212  +0.0092
         Elevation     0.0070       0.0078  -0.0008
         LC_Forest     0.2963       0.3716  -0.0753
        LC_Wetland     0.4648       0.4510  +0.0138
           LC_Open     0.1695       0.1141  +0.0555
       Pop_Density     0.0000       0.0000  +0.0000

[9/9] Quick single-pixel logistic regression baseline:
  Question: how much do the mean-feature values alone predict fire?
  Logistic regression on mean features only, AUC: 0.8753
  Logistic regression coefficients (standardized):
               Red: +1.3220
         LC_Forest: +1.1116
             SWIR2: -0.9803
        LC_Wetland: +0.9427
             SWIR1: +0.6840
             Green: -0.6769
              NDMI: +0.6348
          Temp_Max: -0.5641
               NIR: -0.4760
              Blue: -0.4174
      Humidity_Min: -0.3823
           LC_Open: +0.3348
         Elevation: -0.3003
              NDVI: +0.2537
               ERC: +0.1984
            Precip: +0.1928
        Wind_Speed: +0.1250
             FM100: -0.0476
       Pop_Density: +0.0000

======================================================================
SUMMARY
======================================================================
  Full model AUC:                0.9474
  AUC w/o weather:               0.8935  (drop: 0.0539)
  AUC w/o S2:                    0.6434  (drop: 0.3040)
  AUC w/o terrain:               0.6642  (drop: 0.2831)
  AUC weather-only:              0.6165
  AUC S2-only:                   0.8155
  AUC terrain-only:              0.6808
  LR baseline on mean features:  0.8753
======================================================================
