2026-06-17 11:53:08.115293: I tensorflow/core/util/port.cc:153] oneDNN custom operations are on. You may see slightly different numerical results due to floating-point round-off errors from different computation orders. To turn them off, set the environment variable `TF_ENABLE_ONEDNN_OPTS=0`.
C:\Users\nonna\miniconda3\Lib\site-packages\h5py\__init__.py:36: UserWarning: h5py is running against HDF5 1.14.6 when it was built against 1.14.5, this may cause problems
  _warn(("h5py is running against HDF5 {0} when it was built against {1}, "
2026-06-17 11:53:11.329977: I tensorflow/core/util/port.cc:153] oneDNN custom operations are on. You may see slightly different numerical results due to floating-point round-off errors from different computation orders. To turn them off, set the environment variable `TF_ENABLE_ONEDNN_OPTS=0`.
Found 12 shard(s).
2026-06-17 11:53:13.170820: I tensorflow/core/platform/cpu_feature_guard.cc:210] This TensorFlow binary is optimized to use available CPU instructions in performance-critical operations.
To enable the following instructions: SSE3 SSE4.1 SSE4.2 AVX AVX2 AVX512F AVX512_VNNI AVX512_BF16 FMA, in other operations, rebuild TensorFlow with the appropriate compiler flags.
2026-06-17 11:53:13.202782: I tensorflow/core/kernels/data/tf_record_dataset_op.cc:390] TFRecordDataset `buffer_size` is unspecified, default to 262144
  parsed 500
2026-06-17 11:53:35.834070: I tensorflow/core/framework/local_rendezvous.cc:407] Local rendezvous is aborting with status: OUT_OF_RANGE: End of sequence
  parsed 1000
2026-06-17 11:53:55.776361: I tensorflow/core/framework/local_rendezvous.cc:407] Local rendezvous is aborting with status: OUT_OF_RANGE: End of sequence
  parsed 1500
  parsed 2000
2026-06-17 11:54:30.178520: I tensorflow/core/framework/local_rendezvous.cc:407] Local rendezvous is aborting with status: OUT_OF_RANGE: End of sequence
  parsed 2500
  parsed 3000
  parsed 3500
  parsed 4000
2026-06-17 11:55:39.640617: I tensorflow/core/framework/local_rendezvous.cc:407] Local rendezvous is aborting with status: OUT_OF_RANGE: End of sequence
  parsed 4500
  parsed 5000
  parsed 5500
  parsed 6000
Total samples: 6438, fire=3219, unique locations=3152
Saved v4_features.npz: (6438, 260)
