2026-06-17 07:21:08.995389: I tensorflow/core/util/port.cc:153] oneDNN custom operations are on. You may see slightly different numerical results due to floating-point round-off errors from different computation orders. To turn them off, set the environment variable `TF_ENABLE_ONEDNN_OPTS=0`.
C:\Users\nonna\miniconda3\Lib\site-packages\h5py\__init__.py:36: UserWarning: h5py is running against HDF5 1.14.6 when it was built against 1.14.5, this may cause problems
  _warn(("h5py is running against HDF5 {0} when it was built against {1}, "
2026-06-17 07:21:12.640449: I tensorflow/core/util/port.cc:153] oneDNN custom operations are on. You may see slightly different numerical results due to floating-point round-off errors from different computation orders. To turn them off, set the environment variable `TF_ENABLE_ONEDNN_OPTS=0`.
2026-06-17 07:21:14.631254: I tensorflow/core/platform/cpu_feature_guard.cc:210] This TensorFlow binary is optimized to use available CPU instructions in performance-critical operations.
To enable the following instructions: SSE3 SSE4.1 SSE4.2 AVX AVX2 AVX512F AVX512_VNNI AVX512_BF16 FMA, in other operations, rebuild TensorFlow with the appropriate compiler flags.
2026-06-17 07:21:14.667324: I tensorflow/core/kernels/data/tf_record_dataset_op.cc:390] TFRecordDataset `buffer_size` is unspecified, default to 262144
2026-06-17 07:22:50.611169: I tensorflow/core/framework/local_rendezvous.cc:407] Local rendezvous is aborting with status: OUT_OF_RANGE: End of sequence
2026-06-17 07:23:00.965046: I tensorflow/core/framework/local_rendezvous.cc:407] Local rendezvous is aborting with status: OUT_OF_RANGE: End of sequence
============================================================
LOCATION LEAKAGE CHECKER
============================================================
Using same fingerprinting logic as Prepare_Florida_Data.py
Fingerprint bands: ['Elevation', 'Pop_Density', 'LC_Forest']

Analyzing TRAINING SET...
  Processed 1000 samples...  Processed 2000 samples...  Processed 3000 samples...  Processed 4000 samples...  Processed 5000 samples...  Processed 6000 samples...  Processed 7000 samples...  Processed 8000 samples...  Processed 9000 samples...  Complete: 9660 samples
  Unique Locations: 419
  Total Samples: 9660
  Avg Samples/Location: 23.05
  Min Samples/Location: 20
  Max Samples/Location: 340

Analyzing VALIDATION SET...
  Processed 1000 samples...  Complete: 1000 samples
  Unique Locations: 45
  Total Samples: 1000
  Avg Samples/Location: 22.22
  Min Samples/Location: 20
  Max Samples/Location: 60

============================================================
LEAKAGE ANALYSIS
============================================================
[OK] NO LEAKAGE DETECTED
  Train and validation sets have completely separate locations

============================================================
SUMMARY
============================================================
Training Locations:   419
Training Samples:     9660
Validation Locations: 45
Validation Samples:   1000
Total Unique Locations: 464
Overlapping Locations:  0
Location Isolation:     100.0%
============================================================
