Features: 188 kept, 12 dropped ([np.str_('LC_Forest_p10'), np.str_('LC_Open_p10'), np.str_('Pop_Density_mean'), np.str_('Pop_Density_std'), np.str_('Pop_Density_p10'), np.str_('Pop_Density_p50')]...)
Train: (9660, 188), fire=4830/9660 | Val: (1000, 188), fire=500/1000
Train unique locations: 474 | Val unique locations: 48
================================================================

MODEL                       val_AUC   grouped_CV_AUC
----------------------------------------------------------------
  LogReg (rich feats)        0.7017      0.6106
  HistGradientBoosting       0.7059      0.6776
  RandomForest               0.7515      0.6981
----------------------------------------------------------------
  Reference: v3 CNN val=0.693 | v3 audit mean-only LR=0.726

Top 20 features (permutation importance, HGB on val):
  PDSI_max               +0.0415
  PDSI_p10               +0.0207
  NDVI_max               +0.0140
  Green_c64std           +0.0071
  ERC_mean               +0.0069
  LC_Open_mean           +0.0063
  NIR_p90                +0.0057
  Blue_p10               +0.0047
  Red_c64mean            +0.0046
  SWIR2_c64std           +0.0044
  SWIR1_p90              +0.0044
  LC_Forest_mean         +0.0043
  NDVI_c32mean           +0.0042
  NDMI_p90               +0.0042
  NDMI_std               +0.0040
  PDSI_p90               +0.0038
  NDVI_p10               +0.0038
  LC_Open_c64mean        +0.0037
  Blue_c64std            +0.0036
  NIR_std                +0.0036
