2026-05-14 06:24:24.086041: I tensorflow/core/util/port.cc:153] oneDNN custom operations are on. You may see slightly different numerical results due to floating-point round-off errors from different computation orders. To turn them off, set the environment variable `TF_ENABLE_ONEDNN_OPTS=0`.
C:\Users\nonna\miniconda3\Lib\site-packages\h5py\__init__.py:36: UserWarning: h5py is running against HDF5 1.14.6 when it was built against 1.14.5, this may cause problems
  _warn(("h5py is running against HDF5 {0} when it was built against {1}, "
2026-05-14 06:24:28.121802: I tensorflow/core/util/port.cc:153] oneDNN custom operations are on. You may see slightly different numerical results due to floating-point round-off errors from different computation orders. To turn them off, set the environment variable `TF_ENABLE_ONEDNN_OPTS=0`.
============================================================
DATASET PROCESSOR: MERGE + SPATIAL SPLIT + SHUFFLE
============================================================
Found 10 raw parts.

[Phase 1] Scanning for Unique Locations...
2026-05-14 06:24:30.673065: I tensorflow/core/platform/cpu_feature_guard.cc:210] This TensorFlow binary is optimized to use available CPU instructions in performance-critical operations.
To enable the following instructions: SSE3 SSE4.1 SSE4.2 AVX AVX2 AVX512F AVX512_VNNI AVX512_BF16 FMA, in other operations, rebuild TensorFlow with the appropriate compiler flags.
2026-05-14 06:24:30.829265: I tensorflow/core/kernels/data/tf_record_dataset_op.cc:390] TFRecordDataset `buffer_size` is unspecified, default to 262144
2026-05-14 06:24:38.225501: I tensorflow/core/framework/local_rendezvous.cc:407] Local rendezvous is aborting with status: OUT_OF_RANGE: End of sequence
  Scanned 2000 samples...2026-05-14 06:24:45.435511: I tensorflow/core/framework/local_rendezvous.cc:407] Local rendezvous is aborting with status: OUT_OF_RANGE: End of sequence
  Scanned 4000 samples...2026-05-14 06:24:59.762812: I tensorflow/core/framework/local_rendezvous.cc:407] Local rendezvous is aborting with status: OUT_OF_RANGE: End of sequence
  Scanned 6000 samples...  Scanned 8000 samples...2026-05-14 06:25:30.400984: I tensorflow/core/framework/local_rendezvous.cc:407] Local rendezvous is aborting with status: OUT_OF_RANGE: End of sequence
  Scanned 10000 samples...
  Scan Complete.
  Total Samples:   10942
  Unique Locations: 3474

[Phase 2] Writing & Shuffling...
  Processed 2000/10942...  Processed 4000/10942...  Processed 6000/10942...2026-05-14 06:27:06.029532: I tensorflow/core/framework/local_rendezvous.cc:407] Local rendezvous is aborting with status: OUT_OF_RANGE: End of sequence
  Processed 8000/10942...  Processed 10000/10942...
============================================================
PROCESSING COMPLETE
============================================================
Final Training Samples:   9952
Final Validation Samples: 990
Outputs:
  C:\Users\nonna\Downloads\PyroCast-1\Training Data Florida\Florida_Spatial_Train_v2.tfrecord
  C:\Users\nonna\Downloads\PyroCast-1\Training Data Florida\Florida_Spatial_Val_v2.tfrecord
============================================================
Recommendation: Delete the 'Part_*.tfrecord' files now to save space.
