C:\Users\nonna\miniconda3\Lib\site-packages\sklearn\utils\validation.py:2691: UserWarning: X does not have valid feature names, but LGBMClassifier was fitted with feature names
  warnings.warn(
C:\Users\nonna\miniconda3\Lib\site-packages\sklearn\utils\validation.py:2691: UserWarning: X does not have valid feature names, but LGBMClassifier was fitted with feature names
  warnings.warn(
C:\Users\nonna\miniconda3\Lib\site-packages\sklearn\utils\validation.py:2691: UserWarning: X does not have valid feature names, but LGBMClassifier was fitted with feature names
  warnings.warn(
C:\Users\nonna\miniconda3\Lib\site-packages\sklearn\utils\validation.py:2691: UserWarning: X does not have valid feature names, but LGBMClassifier was fitted with feature names
  warnings.warn(
C:\Users\nonna\miniconda3\Lib\site-packages\sklearn\utils\validation.py:2691: UserWarning: X does not have valid feature names, but LGBMClassifier was fitted with feature names
  warnings.warn(
C:\Users\nonna\miniconda3\Lib\site-packages\sklearn\utils\validation.py:2691: UserWarning: X does not have valid feature names, but LGBMClassifier was fitted with feature names
  warnings.warn(
C:\Users\nonna\miniconda3\Lib\site-packages\sklearn\utils\validation.py:2691: UserWarning: X does not have valid feature names, but LGBMClassifier was fitted with feature names
  warnings.warn(
C:\Users\nonna\miniconda3\Lib\site-packages\sklearn\utils\validation.py:2691: UserWarning: X does not have valid feature names, but LGBMClassifier was fitted with feature names
  warnings.warn(
C:\Users\nonna\miniconda3\Lib\site-packages\sklearn\utils\validation.py:2691: UserWarning: X does not have valid feature names, but LGBMClassifier was fitted with feature names
  warnings.warn(
C:\Users\nonna\miniconda3\Lib\site-packages\sklearn\utils\validation.py:2691: UserWarning: X does not have valid feature names, but LGBMClassifier was fitted with feature names
  warnings.warn(
C:\Users\nonna\miniconda3\Lib\site-packages\sklearn\utils\validation.py:2691: UserWarning: X does not have valid feature names, but LGBMClassifier was fitted with feature names
  warnings.warn(
C:\Users\nonna\miniconda3\Lib\site-packages\sklearn\utils\validation.py:2691: UserWarning: X does not have valid feature names, but LGBMClassifier was fitted with feature names
  warnings.warn(
rows=9616 fire=3219 feats=49 lgbm=True

=== model families (honest triple) on richer features ===
model    spatialCV  temporal space+time
HGB         0.8769    0.8503     0.7970
RF          0.8684    0.8458     0.8092
ET          0.8352    0.7738     0.7214
LGBM        0.8774    0.8507     0.7992

=== stacked ensemble ===
  stack spatial-CV (optimistic, meta refit on oof) = 0.8765

BEST by space+time: RF -> spatialCV=0.8684 temporal=0.8458 space+time=0.8092

Operational (eval prevalence 0.33): PR-AUC=0.7433 (vs baseline 0.33)

Saved v7_best_model.joblib (RF)
{"stage": "A", "best_model": "RF", "spatialCV": 0.8684180021283081, "temporal": 0.8457987746653546, "spacetime": 0.8092325073710973}
