[17:07:54] v11c_extra {'PENDING': 10, 'RUNNING': 4} | csv local: 0 new: 0
  downloading Fire_v11c_pos_4.csv
  downloading Fire_v11c_pos_3.csv
  downloading Fire_v11c_pos_1.csv
  downloading Fire_v11c_pos_5.csv
  downloading Fire_v11c_pos_2.csv
[17:09:58] v11c_extra {'PENDING': 5, 'RUNNING': 4, 'SUCCEEDED': 5} | csv local: 5 new: 5
  downloading Fire_v11c_neg_2.csv
  downloading Fire_v11c_pos_7.csv
  downloading Fire_v11c_neg_1.csv
  downloading Fire_v11c_pos_6.csv
[17:12:02] v11c_extra {'PENDING': 1, 'RUNNING': 4, 'SUCCEEDED': 9} | csv local: 9 new: 4
  downloading Fire_v11c_neg_7.csv
  downloading Fire_v11c_neg_6.csv
  downloading Fire_v11c_neg_4.csv
  downloading Fire_v11c_neg_5.csv
  downloading Fire_v11c_neg_3.csv
[17:14:06] v11c_extra {'SUCCEEDED': 14} | csv local: 14 new: 5
[17:16:07] v11c_extra {'SUCCEEDED': 14} | csv local: 14 new: 0
DONE. csv=14
