[19:06:54] v11f_extra {'PENDING': 14} | csv local: 0 new: 0
[19:08:54] v11f_extra {'PENDING': 14} | csv local: 0 new: 0
[19:10:56] v11f_extra {'PENDING': 14} | csv local: 0 new: 0
[19:12:57] v11f_extra {'PENDING': 14} | csv local: 0 new: 0
[19:14:58] v11f_extra {'PENDING': 14} | csv local: 0 new: 0
[19:16:59] v11f_extra {'PENDING': 14} | csv local: 0 new: 0
[19:19:00] v11f_extra {'PENDING': 14} | csv local: 0 new: 0
[19:21:01] v11f_extra {'PENDING': 14} | csv local: 0 new: 0
[19:23:02] v11f_extra {'PENDING': 14} | csv local: 0 new: 0
[19:25:03] v11f_extra {'PENDING': 14} | csv local: 0 new: 0
[19:27:04] v11f_extra {'PENDING': 14} | csv local: 0 new: 0
[19:29:05] v11f_extra {'PENDING': 14} | csv local: 0 new: 0
[19:31:06] v11f_extra {'PENDING': 14} | csv local: 0 new: 0
[19:33:07] v11f_extra {'PENDING': 14} | csv local: 0 new: 0
[19:35:09] v11f_extra {'PENDING': 14} | csv local: 0 new: 0
[19:37:10] v11f_extra {'PENDING': 14} | csv local: 0 new: 0
[19:39:11] v11f_extra {'PENDING': 14} | csv local: 0 new: 0
[19:41:12] v11f_extra {'PENDING': 14} | csv local: 0 new: 0
[19:43:13] v11f_extra {'PENDING': 14} | csv local: 0 new: 0
[19:45:14] v11f_extra {'PENDING': 14} | csv local: 0 new: 0
[19:47:16] v11f_extra {'PENDING': 14} | csv local: 0 new: 0
[19:49:17] v11f_extra {'PENDING': 14} | csv local: 0 new: 0
[19:51:17] v11f_extra {'PENDING': 14} | csv local: 0 new: 0
[19:53:18] v11f_extra {'PENDING': 14} | csv local: 0 new: 0
[19:55:19] v11f_extra {'PENDING': 14} | csv local: 0 new: 0
[19:57:21] v11f_extra {'PENDING': 14} | csv local: 0 new: 0
[19:59:22] v11f_extra {'PENDING': 14} | csv local: 0 new: 0
[20:01:23] v11f_extra {'PENDING': 14} | csv local: 0 new: 0
[20:03:24] v11f_extra {'PENDING': 14} | csv local: 0 new: 0
[20:05:25] v11f_extra {'PENDING': 14} | csv local: 0 new: 0
[20:07:26] v11f_extra {'PENDING': 14} | csv local: 0 new: 0
[20:09:27] v11f_extra {'PENDING': 14} | csv local: 0 new: 0
[20:11:29] v11f_extra {'PENDING': 14} | csv local: 0 new: 0
[20:13:29] v11f_extra {'PENDING': 14} | csv local: 0 new: 0
[20:15:31] v11f_extra {'PENDING': 14} | csv local: 0 new: 0
[20:17:32] v11f_extra {'PENDING': 14} | csv local: 0 new: 0
[20:19:33] v11f_extra {'PENDING': 14} | csv local: 0 new: 0
[20:21:34] v11f_extra {'PENDING': 14} | csv local: 0 new: 0
[20:23:36] v11f_extra {'PENDING': 14} | csv local: 0 new: 0
[20:25:37] v11f_extra {'PENDING': 14} | csv local: 0 new: 0
[20:27:38] v11f_extra {'PENDING': 14} | csv local: 0 new: 0
[20:29:40] v11f_extra {'PENDING': 14} | csv local: 0 new: 0
[20:31:41] v11f_extra {'PENDING': 14} | csv local: 0 new: 0
[20:33:42] v11f_extra {'PENDING': 14} | csv local: 0 new: 0
[20:35:43] v11f_extra {'PENDING': 14} | csv local: 0 new: 0
[20:37:44] v11f_extra {'PENDING': 14} | csv local: 0 new: 0
[20:39:45] v11f_extra {'PENDING': 14} | csv local: 0 new: 0
[20:41:47] v11f_extra {'PENDING': 14} | csv local: 0 new: 0
[20:43:48] v11f_extra {'PENDING': 14} | csv local: 0 new: 0
[20:45:49] v11f_extra {'PENDING': 14} | csv local: 0 new: 0
[20:47:50] v11f_extra {'PENDING': 14} | csv local: 0 new: 0
[20:49:52] v11f_extra {'PENDING': 14} | csv local: 0 new: 0
[20:51:53] v11f_extra {'PENDING': 14} | csv local: 0 new: 0
[20:53:54] v11f_extra {'PENDING': 14} | csv local: 0 new: 0
[20:55:55] v11f_extra {'PENDING': 14} | csv local: 0 new: 0
[20:57:56] v11f_extra {'PENDING': 14} | csv local: 0 new: 0
[20:59:58] v11f_extra {'PENDING': 14} | csv local: 0 new: 0
[21:01:59] v11f_extra {'PENDING': 14} | csv local: 0 new: 0
[21:04:00] v11f_extra {'PENDING': 14} | csv local: 0 new: 0
[21:06:02] v11f_extra {'PENDING': 14} | csv local: 0 new: 0
[21:08:03] v11f_extra {'PENDING': 14} | csv local: 0 new: 0
[21:10:04] v11f_extra {'PENDING': 14} | csv local: 0 new: 0
[21:12:05] v11f_extra {'PENDING': 14} | csv local: 0 new: 0
[21:14:07] v11f_extra {'PENDING': 14} | csv local: 0 new: 0
[21:16:07] v11f_extra {'PENDING': 14} | csv local: 0 new: 0
[21:18:09] v11f_extra {'PENDING': 14} | csv local: 0 new: 0
[21:20:10] v11f_extra {'PENDING': 14} | csv local: 0 new: 0
[21:22:11] v11f_extra {'PENDING': 14} | csv local: 0 new: 0
[21:24:12] v11f_extra {'PENDING': 14} | csv local: 0 new: 0
[21:26:14] v11f_extra {'PENDING': 14} | csv local: 0 new: 0
[21:28:15] v11f_extra {'PENDING': 14} | csv local: 0 new: 0
[21:30:16] v11f_extra {'PENDING': 14} | csv local: 0 new: 0
[21:32:18] v11f_extra {'PENDING': 14} | csv local: 0 new: 0
[21:34:19] v11f_extra {'PENDING': 14} | csv local: 0 new: 0
[21:36:21] v11f_extra {'PENDING': 14} | csv local: 0 new: 0
[21:38:23] v11f_extra {'PENDING': 14} | csv local: 0 new: 0
[21:40:24] v11f_extra {'PENDING': 14} | csv local: 0 new: 0
[21:42:25] v11f_extra {'PENDING': 14} | csv local: 0 new: 0
[21:44:27] v11f_extra {'PENDING': 14} | csv local: 0 new: 0
[21:46:28] v11f_extra {'PENDING': 14} | csv local: 0 new: 0
[21:48:30] v11f_extra {'PENDING': 14} | csv local: 0 new: 0
[21:50:31] v11f_extra {'PENDING': 14} | csv local: 0 new: 0
[21:52:31] v11f_extra {'PENDING': 14} | csv local: 0 new: 0
[21:54:33] v11f_extra {'PENDING': 14} | csv local: 0 new: 0
[21:56:34] v11f_extra {'PENDING': 14} | csv local: 0 new: 0
[21:58:35] v11f_extra {'PENDING': 14} | csv local: 0 new: 0
[22:00:37] v11f_extra {'PENDING': 14} | csv local: 0 new: 0
[22:02:38] v11f_extra {'PENDING': 14} | csv local: 0 new: 0
[22:04:39] v11f_extra {'PENDING': 14} | csv local: 0 new: 0
[22:06:41] v11f_extra {'PENDING': 14} | csv local: 0 new: 0
[22:08:42] v11f_extra {'PENDING': 14} | csv local: 0 new: 0
[22:10:44] v11f_extra {'PENDING': 14} | csv local: 0 new: 0
[22:12:45] v11f_extra {'PENDING': 14} | csv local: 0 new: 0
[22:14:46] v11f_extra {'PENDING': 14} | csv local: 0 new: 0
[22:16:47] v11f_extra {'PENDING': 14} | csv local: 0 new: 0
[22:18:49] v11f_extra {'PENDING': 14} | csv local: 0 new: 0
[22:20:52] v11f_extra {'PENDING': 14} | csv local: 0 new: 0
[22:22:53] v11f_extra {'PENDING': 14} | csv local: 0 new: 0
[22:24:55] v11f_extra {'PENDING': 14} | csv local: 0 new: 0
[22:26:56] v11f_extra {'PENDING': 14} | csv local: 0 new: 0
[22:28:58] v11f_extra {'PENDING': 14} | csv local: 0 new: 0
[22:30:59] v11f_extra {'PENDING': 14} | csv local: 0 new: 0
[22:33:00] v11f_extra {'PENDING': 14} | csv local: 0 new: 0
[22:35:01] v11f_extra {'PENDING': 14} | csv local: 0 new: 0
[22:37:02] v11f_extra {'PENDING': 14} | csv local: 0 new: 0
[22:39:03] v11f_extra {'PENDING': 14} | csv local: 0 new: 0
[22:41:05] v11f_extra {'PENDING': 14} | csv local: 0 new: 0
[22:43:05] v11f_extra {'PENDING': 14} | csv local: 0 new: 0
[22:45:06] v11f_extra {'PENDING': 14} | csv local: 0 new: 0
[22:47:07] v11f_extra {'PENDING': 14} | csv local: 0 new: 0
[22:49:08] v11f_extra {'PENDING': 14} | csv local: 0 new: 0
[22:51:09] v11f_extra {'PENDING': 14} | csv local: 0 new: 0
[22:53:10] v11f_extra {'PENDING': 14} | csv local: 0 new: 0
[22:55:11] v11f_extra {'PENDING': 14} | csv local: 0 new: 0
[22:57:12] v11f_extra {'PENDING': 14} | csv local: 0 new: 0
[22:59:13] v11f_extra {'PENDING': 14} | csv local: 0 new: 0
[23:01:13] v11f_extra {'PENDING': 14} | csv local: 0 new: 0
[23:03:15] v11f_extra {'PENDING': 14} | csv local: 0 new: 0
[23:05:16] v11f_extra {'PENDING': 14} | csv local: 0 new: 0
[23:07:17] v11f_extra {'PENDING': 14} | csv local: 0 new: 0
[23:09:18] v11f_extra {'PENDING': 14} | csv local: 0 new: 0
[23:11:19] v11f_extra {'PENDING': 14} | csv local: 0 new: 0
[23:13:21] v11f_extra {'PENDING': 14} | csv local: 0 new: 0
[23:15:22] v11f_extra {'PENDING': 14} | csv local: 0 new: 0
[23:17:23] v11f_extra {'PENDING': 14} | csv local: 0 new: 0
[23:19:24] v11f_extra {'PENDING': 14} | csv local: 0 new: 0
[23:21:25] v11f_extra {'PENDING': 14} | csv local: 0 new: 0
[23:23:26] v11f_extra {'PENDING': 14} | csv local: 0 new: 0
[23:25:27] v11f_extra {'PENDING': 14} | csv local: 0 new: 0
[23:27:28] v11f_extra {'PENDING': 14} | csv local: 0 new: 0
[23:29:29] v11f_extra {'PENDING': 14} | csv local: 0 new: 0
[23:31:30] v11f_extra {'PENDING': 14} | csv local: 0 new: 0
[23:33:32] v11f_extra {'PENDING': 14} | csv local: 0 new: 0
[23:35:33] v11f_extra {'PENDING': 14} | csv local: 0 new: 0
[23:37:34] v11f_extra {'PENDING': 14} | csv local: 0 new: 0
[23:39:36] v11f_extra {'PENDING': 14} | csv local: 0 new: 0
[23:41:37] v11f_extra {'PENDING': 14} | csv local: 0 new: 0
[23:43:38] v11f_extra {'PENDING': 14} | csv local: 0 new: 0
[23:45:39] v11f_extra {'PENDING': 14} | csv local: 0 new: 0
[23:47:40] v11f_extra {'PENDING': 14} | csv local: 0 new: 0
[23:49:41] v11f_extra {'PENDING': 14} | csv local: 0 new: 0
[23:51:42] v11f_extra {'PENDING': 14} | csv local: 0 new: 0
[23:53:44] v11f_extra {'PENDING': 14} | csv local: 0 new: 0
[23:55:45] v11f_extra {'PENDING': 14} | csv local: 0 new: 0
[23:57:46] v11f_extra {'PENDING': 14} | csv local: 0 new: 0
[23:59:47] v11f_extra {'PENDING': 14} | csv local: 0 new: 0
[00:01:49] v11f_extra {'PENDING': 14} | csv local: 0 new: 0
[00:03:50] v11f_extra {'PENDING': 14} | csv local: 0 new: 0
[00:05:51] v11f_extra {'PENDING': 14} | csv local: 0 new: 0
[00:07:52] v11f_extra {'PENDING': 14} | csv local: 0 new: 0
[00:09:54] v11f_extra {'PENDING': 14} | csv local: 0 new: 0
[00:11:55] v11f_extra {'PENDING': 14} | csv local: 0 new: 0
[00:13:56] v11f_extra {'PENDING': 14} | csv local: 0 new: 0
[00:15:57] v11f_extra {'PENDING': 14} | csv local: 0 new: 0
[00:17:58] v11f_extra {'PENDING': 14} | csv local: 0 new: 0
[00:19:59] v11f_extra {'PENDING': 14} | csv local: 0 new: 0
[00:22:00] v11f_extra {'PENDING': 14} | csv local: 0 new: 0
[00:24:01] v11f_extra {'PENDING': 14} | csv local: 0 new: 0
[00:26:02] v11f_extra {'PENDING': 14} | csv local: 0 new: 0
[00:28:03] v11f_extra {'PENDING': 14} | csv local: 0 new: 0
[00:30:05] v11f_extra {'PENDING': 14} | csv local: 0 new: 0
[00:32:06] v11f_extra {'PENDING': 14} | csv local: 0 new: 0
[00:34:07] v11f_extra {'PENDING': 14} | csv local: 0 new: 0
[00:36:08] v11f_extra {'PENDING': 14} | csv local: 0 new: 0
[00:38:09] v11f_extra {'PENDING': 14} | csv local: 0 new: 0
[00:40:10] v11f_extra {'PENDING': 14} | csv local: 0 new: 0
[00:42:11] v11f_extra {'PENDING': 13, 'RUNNING': 1} | csv local: 0 new: 0
  downloading Fire_v11f_pos_2.csv
  downloading Fire_v11f_pos_1.csv
[00:44:13] v11f_extra {'PENDING': 11, 'RUNNING': 1, 'SUCCEEDED': 2} | csv local: 2 new: 2
  downloading Fire_v11f_pos_4.csv
[00:46:15] v11f_extra {'PENDING': 9, 'RUNNING': 2, 'SUCCEEDED': 3} | csv local: 3 new: 1
  downloading Fire_v11f_pos_5.csv
  downloading Fire_v11f_pos_3.csv
[00:48:17] v11f_extra {'PENDING': 8, 'RUNNING': 1, 'SUCCEEDED': 5} | csv local: 5 new: 2
  downloading Fire_v11f_pos_6.csv
[00:50:19] v11f_extra {'PENDING': 7, 'RUNNING': 1, 'SUCCEEDED': 6} | csv local: 6 new: 1
  downloading Fire_v11f_pos_7.csv
[00:52:21] v11f_extra {'PENDING': 5, 'RUNNING': 2, 'SUCCEEDED': 7} | csv local: 7 new: 1
  downloading Fire_v11f_neg_1.csv
  downloading Fire_v11f_neg_2.csv
[00:54:23] v11f_extra {'PENDING': 4, 'RUNNING': 1, 'SUCCEEDED': 9} | csv local: 9 new: 2
  downloading Fire_v11f_neg_3.csv
[00:56:25] v11f_extra {'PENDING': 3, 'RUNNING': 1, 'SUCCEEDED': 10} | csv local: 10 new: 1
  downloading Fire_v11f_neg_5.csv
  downloading Fire_v11f_neg_4.csv
[00:58:28] v11f_extra {'PENDING': 1, 'RUNNING': 1, 'SUCCEEDED': 12} | csv local: 12 new: 2
  downloading Fire_v11f_neg_6.csv
[01:00:29] v11f_extra {'RUNNING': 1, 'SUCCEEDED': 13} | csv local: 13 new: 1
  downloading Fire_v11f_neg_7.csv
[01:02:31] v11f_extra {'SUCCEEDED': 14} | csv local: 14 new: 1
[01:04:32] v11f_extra {'SUCCEEDED': 14} | csv local: 14 new: 0
DONE. csv=14
