Google Earth Engine initialized successfully.
============================================================
FLORIDA FIRE DATASET v3 GENERATOR (matched temporal negatives + PDSI)
============================================================
Region: Florida (BBox: [-87.6, 24.5, -80.0, 31.0])
Schema: 1 positive + 1 matched-1yr-prior negative PER fire.
Plan: 6000 fires across 10 tasks -> 12000 total samples.
Channels: 20 (v2 was 19; added PDSI).
============================================================

[Batch 1/10] Preparing...
  - Sampling 600 MTBS fires (seed: 800000)...
  - Computing feature stacks...
  - Submitting Task: Export_Florida_Fire_Dataset_v3_Part_1
  - Task ID: C7QFDFDE3ADUGOFVQGUZ5ZCE (Submitted)

[Batch 2/10] Preparing...
  - Sampling 600 MTBS fires (seed: 812345)...
  - Computing feature stacks...
  - Submitting Task: Export_Florida_Fire_Dataset_v3_Part_2
  - Task ID: BOSQSMDNYLD2BID67YNRYMJ3 (Submitted)

[Batch 3/10] Preparing...
  - Sampling 600 MTBS fires (seed: 824690)...
  - Computing feature stacks...
  - Submitting Task: Export_Florida_Fire_Dataset_v3_Part_3
  - Task ID: TEBUBGSFSHE4NYAVEH3X5UT6 (Submitted)

[Batch 4/10] Preparing...
  - Sampling 600 MTBS fires (seed: 837035)...
  - Computing feature stacks...
  - Submitting Task: Export_Florida_Fire_Dataset_v3_Part_4
  - Task ID: 4PYQTEMAQS3FI7ARJP5NJRRQ (Submitted)

[Batch 5/10] Preparing...
  - Sampling 600 MTBS fires (seed: 849380)...
  - Computing feature stacks...
  - Submitting Task: Export_Florida_Fire_Dataset_v3_Part_5
  - Task ID: Q4ZV2F2QROEVRBRVZC6JSCEA (Submitted)

[Batch 6/10] Preparing...
  - Sampling 600 MTBS fires (seed: 861725)...
  - Computing feature stacks...
  - Submitting Task: Export_Florida_Fire_Dataset_v3_Part_6
  - Task ID: Q5A2ZH22QOZWNHMT3B3IUSRT (Submitted)

[Batch 7/10] Preparing...
  - Sampling 600 MTBS fires (seed: 874070)...
  - Computing feature stacks...
  - Submitting Task: Export_Florida_Fire_Dataset_v3_Part_7
  - Task ID: RNUXHJ6OZGZHN5QO5I2LT6SN (Submitted)

[Batch 8/10] Preparing...
  - Sampling 600 MTBS fires (seed: 886415)...
  - Computing feature stacks...
  - Submitting Task: Export_Florida_Fire_Dataset_v3_Part_8
  - Task ID: AIAVQ7626U2ZTHOV2RJTWUGU (Submitted)

[Batch 9/10] Preparing...
  - Sampling 600 MTBS fires (seed: 898760)...
  - Computing feature stacks...
  - Submitting Task: Export_Florida_Fire_Dataset_v3_Part_9
  - Task ID: APZBKEDIKTUYLDT37EUXSOF6 (Submitted)

[Batch 10/10] Preparing...
  - Sampling 600 MTBS fires (seed: 911105)...
  - Computing feature stacks...
  - Submitting Task: Export_Florida_Fire_Dataset_v3_Part_10
  - Task ID: S3IVBQY5ZTM5NK6OCPIJLQEE (Submitted)

============================================================
All tasks submitted to Google Earth Engine.
Check progress at: https://code.earthengine.google.com/tasks
============================================================

After completion, download from Drive folder: 'Fire_Prediction_Dataset_Florida_v3'
Place them in: 'Training Data/'  (subfolders are fine, mirror v2 layout).
