[13:12:55] v6 {'PENDING': 7, 'RUNNING': 3} | csv local: 0 new: 0
[13:14:56] v6 {'PENDING': 7, 'RUNNING': 3} | csv local: 0 new: 0
[13:16:58] v6 {'PENDING': 7, 'RUNNING': 3} | csv local: 0 new: 0
[13:18:59] v6 {'PENDING': 7, 'RUNNING': 3} | csv local: 0 new: 0
[13:21:01] v6 {'PENDING': 7, 'RUNNING': 3} | csv local: 0 new: 0
[13:23:02] v6 {'PENDING': 7, 'RUNNING': 3} | csv local: 0 new: 0
[13:25:03] v6 {'PENDING': 7, 'RUNNING': 3} | csv local: 0 new: 0
  downloading Fire_Ignition_v6_pos_3.csv
[13:27:05] v6 {'PENDING': 6, 'RUNNING': 3, 'SUCCEEDED': 1} | csv local: 1 new: 1
[13:29:08] v6 {'PENDING': 6, 'RUNNING': 3, 'SUCCEEDED': 1} | csv local: 1 new: 0
  downloading Fire_Ignition_v6_pos_2.csv
[13:31:10] v6 {'PENDING': 5, 'RUNNING': 3, 'SUCCEEDED': 2} | csv local: 2 new: 1
  downloading Fire_Ignition_v6_pos_1.csv
[13:33:13] v6 {'PENDING': 4, 'RUNNING': 3, 'SUCCEEDED': 3} | csv local: 3 new: 1
[13:35:14] v6 {'PENDING': 4, 'RUNNING': 3, 'SUCCEEDED': 3} | csv local: 3 new: 0
[13:37:15] v6 {'PENDING': 4, 'RUNNING': 3, 'SUCCEEDED': 3} | csv local: 3 new: 0
[13:39:17] v6 {'PENDING': 4, 'RUNNING': 3, 'SUCCEEDED': 3} | csv local: 3 new: 0
[13:41:18] v6 {'PENDING': 4, 'RUNNING': 3, 'SUCCEEDED': 3} | csv local: 3 new: 0
[13:43:19] v6 {'PENDING': 4, 'RUNNING': 3, 'SUCCEEDED': 3} | csv local: 3 new: 0
[13:45:21] v6 {'PENDING': 4, 'RUNNING': 3, 'SUCCEEDED': 3} | csv local: 3 new: 0
[13:47:22] v6 {'PENDING': 4, 'RUNNING': 3, 'SUCCEEDED': 3} | csv local: 3 new: 0
[13:49:23] v6 {'PENDING': 4, 'RUNNING': 3, 'SUCCEEDED': 3} | csv local: 3 new: 0
[13:51:25] v6 {'PENDING': 4, 'RUNNING': 3, 'SUCCEEDED': 3} | csv local: 3 new: 0
  downloading Fire_Ignition_v6_neg_1.csv
[13:53:27] v6 {'PENDING': 3, 'RUNNING': 3, 'SUCCEEDED': 4} | csv local: 4 new: 1
  downloading Fire_Ignition_v6_pos_4.csv
[13:55:29] v6 {'PENDING': 2, 'RUNNING': 3, 'SUCCEEDED': 5} | csv local: 5 new: 1
[13:57:30] v6 {'PENDING': 2, 'RUNNING': 3, 'SUCCEEDED': 5} | csv local: 5 new: 0
[13:59:31] v6 {'PENDING': 2, 'RUNNING': 3, 'SUCCEEDED': 5} | csv local: 5 new: 0
[14:01:33] v6 {'PENDING': 2, 'RUNNING': 3, 'SUCCEEDED': 5} | csv local: 5 new: 0
[14:03:34] v6 {'PENDING': 2, 'RUNNING': 3, 'SUCCEEDED': 5} | csv local: 5 new: 0
[14:05:35] v6 {'PENDING': 2, 'RUNNING': 3, 'SUCCEEDED': 5} | csv local: 5 new: 0
[14:07:37] v6 {'PENDING': 2, 'RUNNING': 3, 'SUCCEEDED': 5} | csv local: 5 new: 0
[14:09:38] v6 {'PENDING': 2, 'RUNNING': 3, 'SUCCEEDED': 5} | csv local: 5 new: 0
  downloading Fire_Ignition_v6_neg_2.csv
[14:11:40] v6 {'PENDING': 1, 'RUNNING': 3, 'SUCCEEDED': 6} | csv local: 6 new: 1
[14:13:41] v6 {'PENDING': 1, 'RUNNING': 3, 'SUCCEEDED': 6} | csv local: 6 new: 0
[14:15:42] v6 {'PENDING': 1, 'RUNNING': 3, 'SUCCEEDED': 6} | csv local: 6 new: 0
[14:17:44] v6 {'PENDING': 1, 'RUNNING': 3, 'SUCCEEDED': 6} | csv local: 6 new: 0
[14:19:45] v6 {'PENDING': 1, 'RUNNING': 3, 'SUCCEEDED': 6} | csv local: 6 new: 0
  downloading Fire_Ignition_v6_neg_3.csv
[14:21:47] v6 {'RUNNING': 3, 'SUCCEEDED': 7} | csv local: 7 new: 1
[14:23:48] v6 {'RUNNING': 3, 'SUCCEEDED': 7} | csv local: 7 new: 0
[14:25:49] v6 {'RUNNING': 3, 'SUCCEEDED': 7} | csv local: 7 new: 0
[14:27:50] v6 {'RUNNING': 3, 'SUCCEEDED': 7} | csv local: 7 new: 0
  downloading Fire_Ignition_v6_neg_4.csv
[14:29:52] v6 {'RUNNING': 2, 'SUCCEEDED': 8} | csv local: 8 new: 1
[14:31:54] v6 {'RUNNING': 2, 'SUCCEEDED': 8} | csv local: 8 new: 0
[14:33:55] v6 {'RUNNING': 2, 'SUCCEEDED': 8} | csv local: 8 new: 0
  downloading Fire_Ignition_v6_neg_5.csv
[14:35:57] v6 {'RUNNING': 1, 'SUCCEEDED': 9} | csv local: 9 new: 1
[14:37:58] v6 {'RUNNING': 1, 'SUCCEEDED': 9} | csv local: 9 new: 0
[14:39:59] v6 {'RUNNING': 1, 'SUCCEEDED': 9} | csv local: 9 new: 0
[14:42:00] v6 {'RUNNING': 1, 'SUCCEEDED': 9} | csv local: 9 new: 0
[14:44:01] v6 {'RUNNING': 1, 'SUCCEEDED': 9} | csv local: 9 new: 0
[14:46:02] v6 {'RUNNING': 1, 'SUCCEEDED': 9} | csv local: 9 new: 0
[14:48:04] v6 {'RUNNING': 1, 'SUCCEEDED': 9} | csv local: 9 new: 0
[14:50:05] v6 {'RUNNING': 1, 'SUCCEEDED': 9} | csv local: 9 new: 0
[14:52:05] v6 {'RUNNING': 1, 'SUCCEEDED': 9} | csv local: 9 new: 0
[14:54:07] v6 {'RUNNING': 1, 'SUCCEEDED': 9} | csv local: 9 new: 0
[14:56:08] v6 {'RUNNING': 1, 'SUCCEEDED': 9} | csv local: 9 new: 0
  downloading Fire_Ignition_v6_neg_6.csv
[14:58:09] v6 {'SUCCEEDED': 10} | csv local: 10 new: 1
[15:00:10] v6 {'SUCCEEDED': 10} | csv local: 10 new: 0
DONE. csv=10
